// Jest Snapshot v1, https://goo.gl/fbAQLP

exports[`renders correctly 1`] = `
<DocumentFragment>
  <div
    class="weather-app"
  >
    <h1
      class="location-details"
    >
      London, UK
    </h1>
    <div
      class="forecast-summaries"
    >
      <div
        class="forecast-summary"
        data-testid="forecast-summary"
      >
        <div
          class="forecast-summary__date"
        >
          1525046400000
        </div>
        <div
          class="forecast-summary__icon"
          data-testid="forecast-icon"
        >
          <i
            class="wi wi-day-sunny"
            name="owm"
          />
        </div>
        <div
          class="forecast-summary__temperature"
        >
          11°C
        </div>
        <div
          class="forecast-summary__description"
        >
          Clear
        </div>
      </div>
      <div
        class="forecast-summary"
        data-testid="forecast-summary"
      >
        <div
          class="forecast-summary__date"
        >
          1525132800000
        </div>
        <div
          class="forecast-summary__icon"
          data-testid="forecast-icon"
        >
          <i
            class="wi wi-day-thunderstorm"
            name="owm"
          />
        </div>
        <div
          class="forecast-summary__temperature"
        >
          13°C
        </div>
        <div
          class="forecast-summary__description"
        >
          Stormy
        </div>
      </div>
      <div
        class="forecast-summary"
        data-testid="forecast-summary"
      >
        <div
          class="forecast-summary__date"
        >
          1525219200000
        </div>
        <div
          class="forecast-summary__icon"
          data-testid="forecast-icon"
        >
          <i
            class="wi wi-day-snow"
            name="owm"
          />
        </div>
        <div
          class="forecast-summary__temperature"
        >
          1°C
        </div>
        <div
          class="forecast-summary__description"
        >
          Heavy Snow
        </div>
      </div>
      <div
        class="forecast-summary"
        data-testid="forecast-summary"
      >
        <div
          class="forecast-summary__date"
        >
          1525305600000
        </div>
        <div
          class="forecast-summary__icon"
          data-testid="forecast-icon"
        >
          <i
            class="wi wi-tornado"
            name="owm"
          />
        </div>
        <div
          class="forecast-summary__temperature"
        >
          20°C
        </div>
        <div
          class="forecast-summary__description"
        >
          Tornado
        </div>
      </div>
      <div
        class="forecast-summary"
        data-testid="forecast-summary"
      >
        <div
          class="forecast-summary__date"
        >
          1525392000000
        </div>
        <div
          class="forecast-summary__icon"
          data-testid="forecast-icon"
        >
          <i
            class="wi wi-day-haze"
            name="owm"
          />
        </div>
        <div
          class="forecast-summary__temperature"
        >
          25°C
        </div>
        <div
          class="forecast-summary__description"
        >
          Hazy
        </div>
      </div>
    </div>
  </div>
</DocumentFragment>
`;
